=== RUN   TestGKRServiceProving
23:32:31 INF Loading TransferProofSystem cache_key=direct-payment-admitted_512_2 key_path=/Users/tsv/Developer/zolana/zolana-10x-admission/prover/server/proving-keys/direct-payment-admitted_512_2.key
23:32:37 INF TransferProofSystem loaded and cached successfully cache_key=direct-payment-admitted_512_2 circuit_type=direct-payment-admitted n_inputs=512 n_outputs=2 requires_p256=false
    service_benchmark_test.go:91: GKR_SERVICE_LOAD kind=direct-payment-admitted inputs=512 load_ms=6053 constraints=1754522 request_bytes=1294099 go=go1.27.1
    service_benchmark_test.go:95: GKR_SERVICE_KEY inputs=512 digest=94059c08903709dd9c22fb5a7d0cff5e3207e2d8b4fa48d17df034eafbf59b43
23:32:37 DBG Found cached TransferProofSystem key=direct-payment-admitted_512_2
    service_benchmark_test.go:153: GKR_SERVICE_PROVE inputs=512 threads=18 msm_tasks=9 concurrency=1 sample=0 request=0 seconds=3.267844
    service_benchmark_test.go:157: GKR_SERVICE_WAVE inputs=512 threads=18 concurrency=1 sample=0 seconds=3.267853 heap_bytes=2597457760 sys_bytes=2767929240
    service_benchmark_test.go:161: GKR_SERVICE_MEDIAN inputs=512 threads=18 msm_tasks=9 concurrency=1 latency_seconds=3.267844 wave_seconds=3.267853 proofs_per_second=0.306011
23:32:40 DBG Found cached TransferProofSystem key=direct-payment-admitted_512_2
    service_benchmark_test.go:153: GKR_SERVICE_PROVE inputs=512 threads=18 msm_tasks=18 concurrency=1 sample=0 request=0 seconds=3.087914
    service_benchmark_test.go:157: GKR_SERVICE_WAVE inputs=512 threads=18 concurrency=1 sample=0 seconds=3.087921 heap_bytes=2513527432 sys_bytes=2767929240
    service_benchmark_test.go:161: GKR_SERVICE_MEDIAN inputs=512 threads=18 msm_tasks=18 concurrency=1 latency_seconds=3.087914 wave_seconds=3.087921 proofs_per_second=0.323842
23:32:43 DBG Found cached TransferProofSystem key=direct-payment-admitted_512_2
    service_benchmark_test.go:153: GKR_SERVICE_PROVE inputs=512 threads=18 msm_tasks=36 concurrency=1 sample=0 request=0 seconds=3.196372
    service_benchmark_test.go:157: GKR_SERVICE_WAVE inputs=512 threads=18 concurrency=1 sample=0 seconds=3.196380 heap_bytes=2601642744 sys_bytes=2881245096
    service_benchmark_test.go:161: GKR_SERVICE_MEDIAN inputs=512 threads=18 msm_tasks=36 concurrency=1 latency_seconds=3.196372 wave_seconds=3.196380 proofs_per_second=0.312854
23:32:46 DBG Found cached TransferProofSystem key=direct-payment-admitted_512_2
    service_benchmark_test.go:153: GKR_SERVICE_PROVE inputs=512 threads=18 msm_tasks=72 concurrency=1 sample=0 request=0 seconds=3.216505
    service_benchmark_test.go:157: GKR_SERVICE_WAVE inputs=512 threads=18 concurrency=1 sample=0 seconds=3.216515 heap_bytes=3047229656 sys_bytes=3166806008
    service_benchmark_test.go:161: GKR_SERVICE_MEDIAN inputs=512 threads=18 msm_tasks=72 concurrency=1 latency_seconds=3.216505 wave_seconds=3.216515 proofs_per_second=0.310896
--- PASS: TestGKRServiceProving (24.18s)
PASS
