19:54:36 INF Initializing lazy key manager keys_dir=/Users/tsv/Developer/zolana/zolana-10x-direct/prover/server/proving-keys/ preload_circuits=[] preload_keys=none
19:54:36 INF Starting ZK Prover service enable_queue=false enable_server=true redis_url=
19:54:36 WRN No API key configured - server will accept all requests. Set PROVER_API_KEY environment variable to enable authentication.
19:54:36 INF metrics server started addr=0.0.0.0:10098
19:54:36 INF Using default min concurrency (set PROVER_MAX_CONCURRENCY or PROVER_TOTAL_MEMORY_GB to configure) max_concurrency=1
19:54:36 INF Sync proof admission control max_waiting=4 permits=1
19:54:36 INF prover server started (no queue support) addr=0.0.0.0:3101 queue_enabled=false
19:54:36 INF Started standard server without queue support metrics_address=0.0.0.0:10098 prover_address=0.0.0.0:3101
19:54:36 INF Key preloading completed stats={"batch_systems_loaded":0,"groth16_systems_loaded":0,"keys_loading":0,"transfer_systems_loaded":0}
19:54:36 INF received health check request
19:54:36 INF received health check request
19:54:37 INF received health check request
19:54:38 INF received health check request
19:54:39 INF received health check request
19:54:40 INF received health check request
19:55:00 INF Processing prove request circuit_queued=false circuit_type=input-certificate force_async=false force_sync=true queue_available=false use_queue=false
19:55:00 INF Processing prove request circuit_queued=false circuit_type=input-certificate force_async=false force_sync=true queue_available=false use_queue=false
19:55:00 INF Processing prove request circuit_queued=false circuit_type=nullifier-freshness force_async=false force_sync=true queue_available=false use_queue=false
19:55:00 INF Processing prove request circuit_queued=false circuit_type=nullifier-freshness force_async=false force_sync=true queue_available=false use_queue=false
19:55:00 INF Loading TransferProofSystem cache_key=input-certificate_36_0 key_path=/Users/tsv/Developer/zolana/zolana-10x-direct/prover/server/proving-keys/input-certificate_36_0.key
19:55:00 INF Proving key verified against lockfile, skipping download file=input-certificate_36_0.key
19:55:02 INF TransferProofSystem loaded and cached successfully cache_key=input-certificate_36_0 circuit_type=input-certificate n_inputs=36 n_outputs=0 requires_p256=false
19:55:02 DBG constraint system solver done nbConstraints=319334 took=118.657375
19:55:02 DBG prover done acceleration=none backend=groth16 curve=bn254 nbConstraints=319334 took=436.264917
19:55:02 INF Proof generation completed with memory stats circuit_type=input-certificate delta_mb=650 duration_sec=1.931760041 end_heap_mb=653 start_heap_mb=3 sys_mb=692
19:55:02 INF Synchronous proof completed successfully circuit_type=input-certificate
19:55:02 DBG Found cached TransferProofSystem key=input-certificate_36_0
19:55:02 DBG constraint system solver done nbConstraints=319334 took=114.96375
19:55:03 DBG prover done acceleration=none backend=groth16 curve=bn254 nbConstraints=319334 took=438.860667
19:55:03 INF Proof generation completed with memory stats circuit_type=input-certificate delta_mb=0 duration_sec=0.555855959 end_heap_mb=650 start_heap_mb=653 sys_mb=1061
19:55:03 INF Synchronous proof completed successfully circuit_type=input-certificate
19:55:03 INF Loading TransferProofSystem cache_key=nullifier-freshness_36_0 key_path=/Users/tsv/Developer/zolana/zolana-10x-direct/prover/server/proving-keys/nullifier-freshness_36_0.key
19:55:03 INF Proving key verified against lockfile, skipping download file=nullifier-freshness_36_0.key
19:55:05 INF TransferProofSystem loaded and cached successfully cache_key=nullifier-freshness_36_0 circuit_type=nullifier-freshness n_inputs=36 n_outputs=0 requires_p256=false
19:55:05 DBG constraint system solver done nbConstraints=436848 took=147.171959
19:55:06 DBG prover done acceleration=none backend=groth16 curve=bn254 nbConstraints=436848 took=586.9545
19:55:06 INF Proof generation completed with memory stats circuit_type=nullifier-freshness delta_mb=492 duration_sec=2.682445917 end_heap_mb=1143 start_heap_mb=650 sys_mb=1249
19:55:06 INF Synchronous proof completed successfully circuit_type=nullifier-freshness
19:55:06 DBG Found cached TransferProofSystem key=nullifier-freshness_36_0
19:55:06 DBG constraint system solver done nbConstraints=436848 took=136.729125
19:55:06 DBG prover done acceleration=none backend=groth16 curve=bn254 nbConstraints=436848 took=524.943083
19:55:06 INF Proof generation completed with memory stats circuit_type=nullifier-freshness delta_mb=0 duration_sec=0.664153333 end_heap_mb=1100 start_heap_mb=1143 sys_mb=1293
19:55:06 INF Synchronous proof completed successfully circuit_type=nullifier-freshness
19:55:06 INF Processing prove request circuit_queued=false circuit_type=input-certificate force_async=false force_sync=true queue_available=false use_queue=false
19:55:06 INF Processing prove request circuit_queued=false circuit_type=input-certificate force_async=false force_sync=true queue_available=false use_queue=false
19:55:06 INF Processing prove request circuit_queued=false circuit_type=nullifier-freshness force_async=false force_sync=true queue_available=false use_queue=false
19:55:06 INF Processing prove request circuit_queued=false circuit_type=nullifier-freshness force_async=false force_sync=true queue_available=false use_queue=false
19:55:06 DBG Found cached TransferProofSystem key=input-certificate_36_0
19:55:06 DBG constraint system solver done nbConstraints=319334 took=120.531875
19:55:07 DBG prover done acceleration=none backend=groth16 curve=bn254 nbConstraints=319334 took=438.51425
19:55:07 INF Proof generation completed with memory stats circuit_type=input-certificate delta_mb=0 duration_sec=0.561208667 end_heap_mb=1020 start_heap_mb=1102 sys_mb=1482
19:55:07 INF Synchronous proof completed successfully circuit_type=input-certificate
19:55:07 DBG Found cached TransferProofSystem key=input-certificate_36_0
19:55:07 DBG constraint system solver done nbConstraints=319334 took=114.951792
19:55:07 DBG prover done acceleration=none backend=groth16 curve=bn254 nbConstraints=319334 took=489.675958
19:55:07 INF Proof generation completed with memory stats circuit_type=input-certificate delta_mb=484 duration_sec=0.606649458 end_heap_mb=1504 start_heap_mb=1020 sys_mb=1558
19:55:07 INF Synchronous proof completed successfully circuit_type=input-certificate
19:55:07 DBG Found cached TransferProofSystem key=nullifier-freshness_36_0
19:55:08 DBG constraint system solver done nbConstraints=436848 took=150.328834
19:55:08 DBG prover done acceleration=none backend=groth16 curve=bn254 nbConstraints=436848 took=555.864208
19:55:08 INF Proof generation completed with memory stats circuit_type=nullifier-freshness delta_mb=0 duration_sec=0.709211959 end_heap_mb=1118 start_heap_mb=1504 sys_mb=1718
19:55:08 INF Synchronous proof completed successfully circuit_type=nullifier-freshness
19:55:08 DBG Found cached TransferProofSystem key=nullifier-freshness_36_0
19:55:08 DBG constraint system solver done nbConstraints=436848 took=136.214583
19:55:09 DBG prover done acceleration=none backend=groth16 curve=bn254 nbConstraints=436848 took=640.157875
19:55:09 INF Proof generation completed with memory stats circuit_type=nullifier-freshness delta_mb=0 duration_sec=0.778837667 end_heap_mb=909 start_heap_mb=1118 sys_mb=1718
19:55:09 INF Synchronous proof completed successfully circuit_type=nullifier-freshness
19:55:09 INF Processing prove request circuit_queued=false circuit_type=spend-balance force_async=false force_sync=true queue_available=false use_queue=false
19:55:09 INF Loading TransferProofSystem cache_key=spend-balance_16_2 key_path=/Users/tsv/Developer/zolana/zolana-10x-direct/prover/server/proving-keys/spend-balance_16_2.key
19:55:09 INF Proving key verified against lockfile, skipping download file=spend-balance_16_2.key
19:55:09 INF TransferProofSystem loaded and cached successfully cache_key=spend-balance_16_2 circuit_type=spend-balance n_inputs=16 n_outputs=2 requires_p256=false
19:55:09 DBG constraint system solver done nbConstraints=12462 took=6.258042
19:55:09 DBG prover done acceleration=none backend=groth16 curve=bn254 nbConstraints=12462 took=29.141541
19:55:09 INF Proof generation completed with memory stats circuit_type=spend-balance delta_mb=17 duration_sec=0.102672333 end_heap_mb=927 start_heap_mb=909 sys_mb=1718
19:55:09 INF Synchronous proof completed successfully circuit_type=spend-balance
20:03:57 INF Initializing lazy key manager keys_dir=/Users/tsv/Developer/zolana/zolana-10x-direct/prover/server/proving-keys/ preload_circuits=[] preload_keys=none
20:03:57 INF Starting ZK Prover service enable_queue=false enable_server=true redis_url=
20:03:57 WRN No API key configured - server will accept all requests. Set PROVER_API_KEY environment variable to enable authentication.
20:03:57 INF metrics server started addr=0.0.0.0:10099
20:03:57 INF Using default min concurrency (set PROVER_MAX_CONCURRENCY or PROVER_TOTAL_MEMORY_GB to configure) max_concurrency=1
20:03:57 INF Sync proof admission control max_waiting=4 permits=1
20:03:57 INF prover server started (no queue support) addr=0.0.0.0:3102 queue_enabled=false
20:03:57 INF Started standard server without queue support metrics_address=0.0.0.0:10099 prover_address=0.0.0.0:3102
20:03:57 INF Key preloading completed stats={"batch_systems_loaded":0,"groth16_systems_loaded":0,"keys_loading":0,"transfer_systems_loaded":0}
20:03:57 INF received health check request
20:03:57 INF received health check request
20:03:58 INF received health check request
20:04:00 INF received health check request
20:04:01 INF received health check request
20:04:02 INF received health check request
20:04:23 INF Processing prove request circuit_queued=false circuit_type=input-certificate force_async=false force_sync=true queue_available=false use_queue=false
20:04:23 INF Processing prove request circuit_queued=false circuit_type=input-certificate force_async=false force_sync=true queue_available=false use_queue=false
20:04:23 INF Processing prove request circuit_queued=false circuit_type=nullifier-freshness force_async=false force_sync=true queue_available=false use_queue=false
20:04:23 INF Processing prove request circuit_queued=false circuit_type=nullifier-freshness force_async=false force_sync=true queue_available=false use_queue=false
20:04:23 INF Loading TransferProofSystem cache_key=input-certificate_36_0 key_path=/Users/tsv/Developer/zolana/zolana-10x-direct/prover/server/proving-keys/input-certificate_36_0.key
20:04:23 INF Proving key verified against lockfile, skipping download file=input-certificate_36_0.key
20:04:24 INF TransferProofSystem loaded and cached successfully cache_key=input-certificate_36_0 circuit_type=input-certificate n_inputs=36 n_outputs=0 requires_p256=false
20:04:24 DBG constraint system solver done nbConstraints=319334 took=121.417667
20:04:25 DBG prover done acceleration=none backend=groth16 curve=bn254 nbConstraints=319334 took=467.571334
20:04:25 INF Proof generation completed with memory stats circuit_type=input-certificate delta_mb=729 duration_sec=1.920920417 end_heap_mb=732 start_heap_mb=3 sys_mb=761
20:04:25 INF Synchronous proof completed successfully circuit_type=input-certificate
20:04:25 DBG Found cached TransferProofSystem key=input-certificate_36_0
20:04:25 DBG constraint system solver done nbConstraints=319334 took=118.452833
20:04:25 DBG prover done acceleration=none backend=groth16 curve=bn254 nbConstraints=319334 took=477.363791
20:04:25 INF Proof generation completed with memory stats circuit_type=input-certificate delta_mb=0 duration_sec=0.598085084 end_heap_mb=481 start_heap_mb=732 sys_mb=841
20:04:25 INF Synchronous proof completed successfully circuit_type=input-certificate
20:04:25 INF Loading TransferProofSystem cache_key=nullifier-freshness_36_0 key_path=/Users/tsv/Developer/zolana/zolana-10x-direct/prover/server/proving-keys/nullifier-freshness_36_0.key
20:04:25 INF Proving key verified against lockfile, skipping download file=nullifier-freshness_36_0.key
20:04:27 INF TransferProofSystem loaded and cached successfully cache_key=nullifier-freshness_36_0 circuit_type=nullifier-freshness n_inputs=36 n_outputs=0 requires_p256=false
20:04:27 DBG constraint system solver done nbConstraints=436848 took=137.129875
20:04:28 DBG prover done acceleration=none backend=groth16 curve=bn254 nbConstraints=436848 took=567.370084
20:04:28 INF Proof generation completed with memory stats circuit_type=nullifier-freshness delta_mb=661 duration_sec=2.2857485 end_heap_mb=1143 start_heap_mb=481 sys_mb=1182
20:04:28 INF Synchronous proof completed successfully circuit_type=nullifier-freshness
20:04:28 DBG Found cached TransferProofSystem key=nullifier-freshness_36_0
20:04:28 DBG constraint system solver done nbConstraints=436848 took=143.264333
20:04:28 DBG prover done acceleration=none backend=groth16 curve=bn254 nbConstraints=436848 took=529.441708
20:04:28 INF Proof generation completed with memory stats circuit_type=nullifier-freshness delta_mb=0 duration_sec=0.675114625 end_heap_mb=1130 start_heap_mb=1143 sys_mb=1318
20:04:28 INF Synchronous proof completed successfully circuit_type=nullifier-freshness
20:04:28 INF Processing prove request circuit_queued=false circuit_type=input-certificate force_async=false force_sync=true queue_available=false use_queue=false
20:04:28 INF Processing prove request circuit_queued=false circuit_type=input-certificate force_async=false force_sync=true queue_available=false use_queue=false
20:04:28 INF Processing prove request circuit_queued=false circuit_type=nullifier-freshness force_async=false force_sync=true queue_available=false use_queue=false
20:04:28 INF Processing prove request circuit_queued=false circuit_type=nullifier-freshness force_async=false force_sync=true queue_available=false use_queue=false
20:04:28 DBG Found cached TransferProofSystem key=input-certificate_36_0
20:04:28 DBG constraint system solver done nbConstraints=319334 took=114.235917
20:04:29 DBG prover done acceleration=none backend=groth16 curve=bn254 nbConstraints=319334 took=505.142916
20:04:29 INF Proof generation completed with memory stats circuit_type=input-certificate delta_mb=0 duration_sec=0.621363167 end_heap_mb=834 start_heap_mb=1131 sys_mb=1570
20:04:29 INF Synchronous proof completed successfully circuit_type=input-certificate
20:04:29 DBG Found cached TransferProofSystem key=input-certificate_36_0
20:04:29 DBG constraint system solver done nbConstraints=319334 took=114.624541
20:04:29 DBG prover done acceleration=none backend=groth16 curve=bn254 nbConstraints=319334 took=444.98125
20:04:29 INF Proof generation completed with memory stats circuit_type=input-certificate delta_mb=484 duration_sec=0.561648792 end_heap_mb=1318 start_heap_mb=834 sys_mb=1571
20:04:29 INF Synchronous proof completed successfully circuit_type=input-certificate
20:04:29 DBG Found cached TransferProofSystem key=nullifier-freshness_36_0
20:04:30 DBG constraint system solver done nbConstraints=436848 took=129.195167
20:04:30 DBG prover done acceleration=none backend=groth16 curve=bn254 nbConstraints=436848 took=489.62525
20:04:30 INF Proof generation completed with memory stats circuit_type=nullifier-freshness delta_mb=0 duration_sec=0.621286 end_heap_mb=1047 start_heap_mb=1318 sys_mb=1575
20:04:30 INF Synchronous proof completed successfully circuit_type=nullifier-freshness
20:04:30 DBG Found cached TransferProofSystem key=nullifier-freshness_36_0
20:04:30 DBG constraint system solver done nbConstraints=436848 took=133.561708
20:04:31 DBG prover done acceleration=none backend=groth16 curve=bn254 nbConstraints=436848 took=496.085917
20:04:31 INF Proof generation completed with memory stats circuit_type=nullifier-freshness delta_mb=0 duration_sec=0.631994458 end_heap_mb=875 start_heap_mb=1047 sys_mb=1575
20:04:31 INF Synchronous proof completed successfully circuit_type=nullifier-freshness
20:04:31 INF Processing prove request circuit_queued=false circuit_type=spend-balance force_async=false force_sync=true queue_available=false use_queue=false
20:04:31 INF Loading TransferProofSystem cache_key=spend-balance_16_2 key_path=/Users/tsv/Developer/zolana/zolana-10x-direct/prover/server/proving-keys/spend-balance_16_2.key
20:04:31 INF Proving key verified against lockfile, skipping download file=spend-balance_16_2.key
20:04:31 INF TransferProofSystem loaded and cached successfully cache_key=spend-balance_16_2 circuit_type=spend-balance n_inputs=16 n_outputs=2 requires_p256=false
20:04:31 DBG constraint system solver done nbConstraints=12462 took=4.651792
20:04:31 DBG prover done acceleration=none backend=groth16 curve=bn254 nbConstraints=12462 took=22.97275
20:04:31 INF Proof generation completed with memory stats circuit_type=spend-balance delta_mb=17 duration_sec=0.091035792 end_heap_mb=893 start_heap_mb=875 sys_mb=1575
20:04:31 INF Synchronous proof completed successfully circuit_type=spend-balance
20:08:06 INF Initializing lazy key manager keys_dir=/Users/tsv/Developer/zolana/zolana-10x-direct/prover/server/proving-keys/ preload_circuits=[] preload_keys=none
20:08:06 INF Starting ZK Prover service enable_queue=false enable_server=true redis_url=
20:08:06 WRN No API key configured - server will accept all requests. Set PROVER_API_KEY environment variable to enable authentication.
20:08:06 INF metrics server started addr=0.0.0.0:10099
20:08:06 INF Using default min concurrency (set PROVER_MAX_CONCURRENCY or PROVER_TOTAL_MEMORY_GB to configure) max_concurrency=1
20:08:06 INF Sync proof admission control max_waiting=4 permits=1
20:08:06 INF prover server started (no queue support) addr=0.0.0.0:3102 queue_enabled=false
20:08:06 INF Started standard server without queue support metrics_address=0.0.0.0:10099 prover_address=0.0.0.0:3102
20:08:06 INF Key preloading completed stats={"batch_systems_loaded":0,"groth16_systems_loaded":0,"keys_loading":0,"transfer_systems_loaded":0}
20:08:06 INF received health check request
20:08:07 INF received health check request
20:08:08 INF received health check request
20:08:09 INF received health check request
20:08:10 INF received health check request
20:08:11 INF received health check request
20:08:31 INF Processing prove request circuit_queued=false circuit_type=input-certificate force_async=false force_sync=true queue_available=false use_queue=false
20:08:31 INF Loading TransferProofSystem cache_key=input-certificate_36_0 key_path=/Users/tsv/Developer/zolana/zolana-10x-direct/prover/server/proving-keys/input-certificate_36_0.key
20:08:31 INF Proving key verified against lockfile, skipping download file=input-certificate_36_0.key
20:08:32 INF TransferProofSystem loaded and cached successfully cache_key=input-certificate_36_0 circuit_type=input-certificate n_inputs=36 n_outputs=0 requires_p256=false
20:08:32 DBG constraint system solver done nbConstraints=319334 took=115.8925
20:08:33 DBG prover done acceleration=none backend=groth16 curve=bn254 nbConstraints=319334 took=478.849125
20:08:33 INF Proof generation completed with memory stats circuit_type=input-certificate delta_mb=632 duration_sec=1.886614917 end_heap_mb=635 start_heap_mb=2 sys_mb=669
20:08:33 INF Synchronous proof completed successfully circuit_type=input-certificate
20:08:33 INF Processing prove request circuit_queued=false circuit_type=nullifier-freshness force_async=false force_sync=true queue_available=false use_queue=false
20:08:33 INF Loading TransferProofSystem cache_key=nullifier-freshness_36_0 key_path=/Users/tsv/Developer/zolana/zolana-10x-direct/prover/server/proving-keys/nullifier-freshness_36_0.key
20:08:33 INF Proving key verified against lockfile, skipping download file=nullifier-freshness_36_0.key
20:08:34 INF TransferProofSystem loaded and cached successfully cache_key=nullifier-freshness_36_0 circuit_type=nullifier-freshness n_inputs=36 n_outputs=0 requires_p256=false
20:08:34 DBG constraint system solver done nbConstraints=436848 took=129.299792
20:08:35 DBG prover done acceleration=none backend=groth16 curve=bn254 nbConstraints=436848 took=486.968917
20:08:35 INF Proof generation completed with memory stats circuit_type=nullifier-freshness delta_mb=216 duration_sec=2.279304625 end_heap_mb=852 start_heap_mb=635 sys_mb=1133
20:08:35 INF Synchronous proof completed successfully circuit_type=nullifier-freshness
20:08:35 INF Processing prove request circuit_queued=false circuit_type=spend-balance force_async=false force_sync=true queue_available=false use_queue=false
20:08:35 INF Loading TransferProofSystem cache_key=spend-balance_16_2 key_path=/Users/tsv/Developer/zolana/zolana-10x-direct/prover/server/proving-keys/spend-balance_16_2.key
20:08:35 INF Proving key verified against lockfile, skipping download file=spend-balance_16_2.key
20:08:35 INF TransferProofSystem loaded and cached successfully cache_key=spend-balance_16_2 circuit_type=spend-balance n_inputs=16 n_outputs=2 requires_p256=false
20:08:35 DBG constraint system solver done nbConstraints=12462 took=4.928041
20:08:35 DBG prover done acceleration=none backend=groth16 curve=bn254 nbConstraints=12462 took=23.950084
20:08:35 INF Proof generation completed with memory stats circuit_type=spend-balance delta_mb=17 duration_sec=0.092751167 end_heap_mb=870 start_heap_mb=852 sys_mb=1134
20:08:35 INF Synchronous proof completed successfully circuit_type=spend-balance
20:08:35 INF Processing prove request circuit_queued=false circuit_type=input-certificate force_async=false force_sync=true queue_available=false use_queue=false
20:08:35 INF Processing prove request circuit_queued=false circuit_type=nullifier-freshness force_async=false force_sync=true queue_available=false use_queue=false
20:08:35 INF Processing prove request circuit_queued=false circuit_type=input-certificate force_async=false force_sync=true queue_available=false use_queue=false
20:08:35 INF Processing prove request circuit_queued=false circuit_type=nullifier-freshness force_async=false force_sync=true queue_available=false use_queue=false
20:08:35 DBG Found cached TransferProofSystem key=input-certificate_36_0
20:08:35 DBG constraint system solver done nbConstraints=319334 took=113.812083
20:08:36 DBG prover done acceleration=none backend=groth16 curve=bn254 nbConstraints=319334 took=515.94925
20:08:36 INF Proof generation completed with memory stats circuit_type=input-certificate delta_mb=484 duration_sec=0.631873417 end_heap_mb=1356 start_heap_mb=871 sys_mb=1410
20:08:36 INF Synchronous proof completed successfully circuit_type=input-certificate
20:08:36 DBG Found cached TransferProofSystem key=nullifier-freshness_36_0
20:08:36 DBG constraint system solver done nbConstraints=436848 took=134.348875
20:08:36 DBG prover done acceleration=none backend=groth16 curve=bn254 nbConstraints=436848 took=530.669334
20:08:36 INF Proof generation completed with memory stats circuit_type=nullifier-freshness delta_mb=0 duration_sec=0.667371416 end_heap_mb=1028 start_heap_mb=1356 sys_mb=1662
20:08:36 INF Synchronous proof completed successfully circuit_type=nullifier-freshness
20:08:36 DBG Found cached TransferProofSystem key=input-certificate_36_0
20:08:36 DBG constraint system solver done nbConstraints=319334 took=114.072916
20:08:37 DBG prover done acceleration=none backend=groth16 curve=bn254 nbConstraints=319334 took=456.3295
20:08:37 INF Proof generation completed with memory stats circuit_type=input-certificate delta_mb=0 duration_sec=0.572652542 end_heap_mb=724 start_heap_mb=1028 sys_mb=1662
20:08:37 INF Synchronous proof completed successfully circuit_type=input-certificate
20:08:37 DBG Found cached TransferProofSystem key=nullifier-freshness_36_0
20:08:37 DBG constraint system solver done nbConstraints=436848 took=128.616416
20:08:38 DBG prover done acceleration=none backend=groth16 curve=bn254 nbConstraints=436848 took=526.659958
20:08:38 INF Proof generation completed with memory stats circuit_type=nullifier-freshness delta_mb=501 duration_sec=0.6576165 end_heap_mb=1226 start_heap_mb=724 sys_mb=1662
20:08:38 INF Synchronous proof completed successfully circuit_type=nullifier-freshness
20:08:38 INF Processing prove request circuit_queued=false circuit_type=input-certificate force_async=false force_sync=true queue_available=false use_queue=false
20:08:38 INF Processing prove request circuit_queued=false circuit_type=input-certificate force_async=false force_sync=true queue_available=false use_queue=false
20:08:38 INF Processing prove request circuit_queued=false circuit_type=nullifier-freshness force_async=false force_sync=true queue_available=false use_queue=false
20:08:38 INF Processing prove request circuit_queued=false circuit_type=nullifier-freshness force_async=false force_sync=true queue_available=false use_queue=false
20:08:38 DBG Found cached TransferProofSystem key=input-certificate_36_0
20:08:38 DBG constraint system solver done nbConstraints=319334 took=114.248375
20:08:38 DBG prover done acceleration=none backend=groth16 curve=bn254 nbConstraints=319334 took=494.535125
20:08:38 INF Proof generation completed with memory stats circuit_type=input-certificate delta_mb=0 duration_sec=0.610773334 end_heap_mb=1051 start_heap_mb=1227 sys_mb=1662
20:08:38 INF Synchronous proof completed successfully circuit_type=input-certificate
20:08:38 DBG Found cached TransferProofSystem key=input-certificate_36_0
20:08:38 DBG constraint system solver done nbConstraints=319334 took=115.067083
20:08:39 DBG prover done acceleration=none backend=groth16 curve=bn254 nbConstraints=319334 took=460.644083
20:08:39 INF Proof generation completed with memory stats circuit_type=input-certificate delta_mb=484 duration_sec=0.577706625 end_heap_mb=1536 start_heap_mb=1052 sys_mb=1662
20:08:39 INF Synchronous proof completed successfully circuit_type=input-certificate
20:08:39 DBG Found cached TransferProofSystem key=nullifier-freshness_36_0
20:08:39 DBG constraint system solver done nbConstraints=436848 took=129.567792
20:08:39 DBG prover done acceleration=none backend=groth16 curve=bn254 nbConstraints=436848 took=503.240708
20:08:39 INF Proof generation completed with memory stats circuit_type=nullifier-freshness delta_mb=0 duration_sec=0.635135167 end_heap_mb=1098 start_heap_mb=1536 sys_mb=1662
20:08:39 INF Synchronous proof completed successfully circuit_type=nullifier-freshness
20:08:39 DBG Found cached TransferProofSystem key=nullifier-freshness_36_0
20:08:40 DBG constraint system solver done nbConstraints=436848 took=136.890417
20:08:40 DBG prover done acceleration=none backend=groth16 curve=bn254 nbConstraints=436848 took=525.296916
20:08:40 INF Proof generation completed with memory stats circuit_type=nullifier-freshness delta_mb=0 duration_sec=0.665298375 end_heap_mb=1062 start_heap_mb=1098 sys_mb=1662
20:08:40 INF Synchronous proof completed successfully circuit_type=nullifier-freshness
20:08:40 INF Processing prove request circuit_queued=false circuit_type=spend-balance force_async=false force_sync=true queue_available=false use_queue=false
20:08:40 DBG Found cached TransferProofSystem key=spend-balance_16_2
20:08:40 DBG constraint system solver done nbConstraints=12462 took=4.759167
20:08:40 DBG prover done acceleration=none backend=groth16 curve=bn254 nbConstraints=12462 took=23.446083
20:08:40 INF Proof generation completed with memory stats circuit_type=spend-balance delta_mb=5 duration_sec=0.02850425 end_heap_mb=1068 start_heap_mb=1062 sys_mb=1662
20:08:40 INF Synchronous proof completed successfully circuit_type=spend-balance
20:10:15 INF Initializing lazy key manager keys_dir=/Users/tsv/Developer/zolana/zolana-10x-direct/prover/server/proving-keys/ preload_circuits=[] preload_keys=none
20:10:15 INF Starting ZK Prover service enable_queue=false enable_server=true redis_url=
20:10:15 WRN No API key configured - server will accept all requests. Set PROVER_API_KEY environment variable to enable authentication.
20:10:15 INF metrics server started addr=0.0.0.0:10099
20:10:15 INF Using default min concurrency (set PROVER_MAX_CONCURRENCY or PROVER_TOTAL_MEMORY_GB to configure) max_concurrency=1
20:10:15 INF Sync proof admission control max_waiting=4 permits=1
20:10:15 INF prover server started (no queue support) addr=0.0.0.0:3102 queue_enabled=false
20:10:15 INF Started standard server without queue support metrics_address=0.0.0.0:10099 prover_address=0.0.0.0:3102
20:10:15 INF Key preloading completed stats={"batch_systems_loaded":0,"groth16_systems_loaded":0,"keys_loading":0,"transfer_systems_loaded":0}
20:10:15 INF received health check request
20:10:15 INF received health check request
20:10:16 INF received health check request
20:10:17 INF received health check request
20:10:18 INF received health check request
20:10:19 INF received health check request
20:10:40 INF Processing prove request circuit_queued=false circuit_type=input-certificate force_async=false force_sync=true queue_available=false use_queue=false
20:10:40 INF Loading TransferProofSystem cache_key=input-certificate_36_0 key_path=/Users/tsv/Developer/zolana/zolana-10x-direct/prover/server/proving-keys/input-certificate_36_0.key
20:10:40 INF Proving key verified against lockfile, skipping download file=input-certificate_36_0.key
20:10:41 INF TransferProofSystem loaded and cached successfully cache_key=input-certificate_36_0 circuit_type=input-certificate n_inputs=36 n_outputs=0 requires_p256=false
20:10:41 DBG constraint system solver done nbConstraints=319334 took=116.135125
20:10:42 DBG prover done acceleration=none backend=groth16 curve=bn254 nbConstraints=319334 took=479.331542
20:10:42 INF Proof generation completed with memory stats circuit_type=input-certificate delta_mb=653 duration_sec=1.899093667 end_heap_mb=656 start_heap_mb=2 sys_mb=693
20:10:42 INF Synchronous proof completed successfully circuit_type=input-certificate
20:10:42 INF Processing prove request circuit_queued=false circuit_type=nullifier-freshness force_async=false force_sync=true queue_available=false use_queue=false
20:10:42 INF Loading TransferProofSystem cache_key=nullifier-freshness_36_0 key_path=/Users/tsv/Developer/zolana/zolana-10x-direct/prover/server/proving-keys/nullifier-freshness_36_0.key
20:10:42 INF Proving key verified against lockfile, skipping download file=nullifier-freshness_36_0.key
20:10:44 INF TransferProofSystem loaded and cached successfully cache_key=nullifier-freshness_36_0 circuit_type=nullifier-freshness n_inputs=36 n_outputs=0 requires_p256=false
20:10:44 DBG constraint system solver done nbConstraints=436848 took=131.26425
20:10:44 DBG prover done acceleration=none backend=groth16 curve=bn254 nbConstraints=436848 took=509.938125
20:10:44 INF Proof generation completed with memory stats circuit_type=nullifier-freshness delta_mb=486 duration_sec=2.233356875 end_heap_mb=1143 start_heap_mb=656 sys_mb=1178
20:10:44 INF Synchronous proof completed successfully circuit_type=nullifier-freshness
20:10:44 INF Processing prove request circuit_queued=false circuit_type=input-certificate force_async=false force_sync=true queue_available=false use_queue=false
20:10:44 INF Processing prove request circuit_queued=false circuit_type=input-certificate force_async=false force_sync=true queue_available=false use_queue=false
20:10:44 INF Processing prove request circuit_queued=false circuit_type=nullifier-freshness force_async=false force_sync=true queue_available=false use_queue=false
20:10:44 INF Processing prove request circuit_queued=false circuit_type=nullifier-freshness force_async=false force_sync=true queue_available=false use_queue=false
20:10:44 DBG Found cached TransferProofSystem key=input-certificate_36_0
20:10:44 DBG constraint system solver done nbConstraints=319334 took=115.589459
20:10:45 DBG prover done acceleration=none backend=groth16 curve=bn254 nbConstraints=319334 took=453.379625
20:10:45 INF Proof generation completed with memory stats circuit_type=input-certificate delta_mb=0 duration_sec=0.571036209 end_heap_mb=1032 start_heap_mb=1144 sys_mb=1314
20:10:45 INF Synchronous proof completed successfully circuit_type=input-certificate
20:10:45 DBG Found cached TransferProofSystem key=input-certificate_36_0
20:10:45 DBG constraint system solver done nbConstraints=319334 took=140.336541
20:10:45 DBG prover done acceleration=none backend=groth16 curve=bn254 nbConstraints=319334 took=591.4365
20:10:45 INF Proof generation completed with memory stats circuit_type=input-certificate delta_mb=0 duration_sec=0.734324875 end_heap_mb=913 start_heap_mb=1032 sys_mb=1438
20:10:45 INF Synchronous proof completed successfully circuit_type=input-certificate
20:10:45 DBG Found cached TransferProofSystem key=nullifier-freshness_36_0
20:10:46 DBG constraint system solver done nbConstraints=436848 took=156.594459
20:10:46 DBG prover done acceleration=none backend=groth16 curve=bn254 nbConstraints=436848 took=527.582625
20:10:46 INF Proof generation completed with memory stats circuit_type=nullifier-freshness delta_mb=501 duration_sec=0.687059167 end_heap_mb=1415 start_heap_mb=913 sys_mb=1462
20:10:46 INF Synchronous proof completed successfully circuit_type=nullifier-freshness
20:10:46 DBG Found cached TransferProofSystem key=nullifier-freshness_36_0
20:10:46 DBG constraint system solver done nbConstraints=436848 took=132.120916
20:10:47 DBG prover done acceleration=none backend=groth16 curve=bn254 nbConstraints=436848 took=476.588083
20:10:47 INF Proof generation completed with memory stats circuit_type=nullifier-freshness delta_mb=0 duration_sec=0.611010792 end_heap_mb=1101 start_heap_mb=1415 sys_mb=1618
20:10:47 INF Synchronous proof completed successfully circuit_type=nullifier-freshness
20:10:47 INF Processing prove request circuit_queued=false circuit_type=input-certificate force_async=false force_sync=true queue_available=false use_queue=false
20:10:47 INF Processing prove request circuit_queued=false circuit_type=input-certificate force_async=false force_sync=true queue_available=false use_queue=false
20:10:47 INF Processing prove request circuit_queued=false circuit_type=nullifier-freshness force_async=false force_sync=true queue_available=false use_queue=false
20:10:47 INF Processing prove request circuit_queued=false circuit_type=nullifier-freshness force_async=false force_sync=true queue_available=false use_queue=false
20:10:47 DBG Found cached TransferProofSystem key=input-certificate_36_0
20:10:47 DBG constraint system solver done nbConstraints=319334 took=113.7485
20:10:47 DBG prover done acceleration=none backend=groth16 curve=bn254 nbConstraints=319334 took=482.439042
20:10:47 INF Proof generation completed with memory stats circuit_type=input-certificate delta_mb=0 duration_sec=0.598217625 end_heap_mb=899 start_heap_mb=1102 sys_mb=1618
20:10:47 INF Synchronous proof completed successfully circuit_type=input-certificate
20:10:47 DBG Found cached TransferProofSystem key=input-certificate_36_0
20:10:47 DBG constraint system solver done nbConstraints=319334 took=112.288625
20:10:48 DBG prover done acceleration=none backend=groth16 curve=bn254 nbConstraints=319334 took=477.281625
20:10:48 INF Proof generation completed with memory stats circuit_type=input-certificate delta_mb=484 duration_sec=0.591651292 end_heap_mb=1384 start_heap_mb=899 sys_mb=1618
20:10:48 INF Synchronous proof completed successfully circuit_type=input-certificate
20:10:48 DBG Found cached TransferProofSystem key=nullifier-freshness_36_0
20:10:48 DBG constraint system solver done nbConstraints=436848 took=130.478542
20:10:49 DBG prover done acceleration=none backend=groth16 curve=bn254 nbConstraints=436848 took=535.589458
20:10:49 INF Proof generation completed with memory stats circuit_type=nullifier-freshness delta_mb=0 duration_sec=0.668455417 end_heap_mb=1043 start_heap_mb=1384 sys_mb=1758
20:10:49 INF Synchronous proof completed successfully circuit_type=nullifier-freshness
20:10:49 DBG Found cached TransferProofSystem key=nullifier-freshness_36_0
20:10:49 DBG constraint system solver done nbConstraints=436848 took=127.288542
20:10:49 DBG prover done acceleration=none backend=groth16 curve=bn254 nbConstraints=436848 took=461.107792
20:10:49 INF Proof generation completed with memory stats circuit_type=nullifier-freshness delta_mb=501 duration_sec=0.590766125 end_heap_mb=1545 start_heap_mb=1043 sys_mb=1758
20:10:49 INF Synchronous proof completed successfully circuit_type=nullifier-freshness
20:10:50 INF Processing prove request circuit_queued=false circuit_type=spend-balance force_async=false force_sync=true queue_available=false use_queue=false
20:10:50 INF Loading TransferProofSystem cache_key=spend-balance_16_2 key_path=/Users/tsv/Developer/zolana/zolana-10x-direct/prover/server/proving-keys/spend-balance_16_2.key
20:10:50 INF Proving key verified against lockfile, skipping download file=spend-balance_16_2.key
20:10:50 INF TransferProofSystem loaded and cached successfully cache_key=spend-balance_16_2 circuit_type=spend-balance n_inputs=16 n_outputs=2 requires_p256=false
20:10:50 DBG constraint system solver done nbConstraints=12462 took=4.769833
20:10:50 DBG prover done acceleration=none backend=groth16 curve=bn254 nbConstraints=12462 took=23.321084
20:10:50 INF Proof generation completed with memory stats circuit_type=spend-balance delta_mb=17 duration_sec=0.089632792 end_heap_mb=1563 start_heap_mb=1545 sys_mb=1758
20:10:50 INF Synchronous proof completed successfully circuit_type=spend-balance
20:10:50 INF Processing prove request circuit_queued=false circuit_type=spend-balance force_async=false force_sync=true queue_available=false use_queue=false
20:10:50 DBG Found cached TransferProofSystem key=spend-balance_16_2
20:10:50 DBG constraint system solver done nbConstraints=12462 took=4.64625
20:10:50 DBG prover done acceleration=none backend=groth16 curve=bn254 nbConstraints=12462 took=22.681375
20:10:50 INF Proof generation completed with memory stats circuit_type=spend-balance delta_mb=5 duration_sec=0.027627209 end_heap_mb=1569 start_heap_mb=1563 sys_mb=1758
20:10:50 INF Synchronous proof completed successfully circuit_type=spend-balance
20:20:55 INF Initializing lazy key manager keys_dir=/Users/tsv/Developer/zolana/zolana-10x-direct/prover/server/proving-keys/ preload_circuits=[] preload_keys=none
20:20:55 INF Starting ZK Prover service enable_queue=false enable_server=true redis_url=
20:20:55 WRN No API key configured - server will accept all requests. Set PROVER_API_KEY environment variable to enable authentication.
20:20:55 INF metrics server started addr=0.0.0.0:10100
20:20:55 INF Sync proof admission control max_waiting=16 permits=4
20:20:55 INF prover server started (no queue support) addr=0.0.0.0:3103 queue_enabled=false
20:20:55 INF Started standard server without queue support metrics_address=0.0.0.0:10100 prover_address=0.0.0.0:3103
20:20:55 INF Key preloading completed stats={"batch_systems_loaded":0,"groth16_systems_loaded":0,"keys_loading":0,"transfer_systems_loaded":0}
20:20:55 INF received health check request
20:20:55 INF received health check request
20:20:56 INF received health check request
20:20:57 INF received health check request
20:20:58 INF received health check request
20:20:59 INF received health check request
20:21:20 INF Processing prove request circuit_queued=false circuit_type=input-certificate force_async=false force_sync=true queue_available=false use_queue=false
20:21:20 INF Loading TransferProofSystem cache_key=input-certificate_36_0 key_path=/Users/tsv/Developer/zolana/zolana-10x-direct/prover/server/proving-keys/input-certificate_36_0.key
20:21:21 INF Proving key verified against lockfile, skipping download file=input-certificate_36_0.key
20:21:22 INF TransferProofSystem loaded and cached successfully cache_key=input-certificate_36_0 circuit_type=input-certificate n_inputs=36 n_outputs=0 requires_p256=false
20:21:22 DBG constraint system solver done nbConstraints=319334 took=118.064875
20:21:23 DBG prover done acceleration=none backend=groth16 curve=bn254 nbConstraints=319334 took=633.857458
20:21:23 INF Proof generation completed with memory stats circuit_type=input-certificate delta_mb=644 duration_sec=2.066864333 end_heap_mb=647 start_heap_mb=2 sys_mb=684
20:21:23 INF Synchronous proof completed successfully circuit_type=input-certificate
20:21:23 INF Processing prove request circuit_queued=false circuit_type=nullifier-freshness force_async=false force_sync=true queue_available=false use_queue=false
20:21:23 INF Loading TransferProofSystem cache_key=nullifier-freshness_36_0 key_path=/Users/tsv/Developer/zolana/zolana-10x-direct/prover/server/proving-keys/nullifier-freshness_36_0.key
20:21:23 INF Proving key verified against lockfile, skipping download file=nullifier-freshness_36_0.key
20:21:24 INF TransferProofSystem loaded and cached successfully cache_key=nullifier-freshness_36_0 circuit_type=nullifier-freshness n_inputs=36 n_outputs=0 requires_p256=false
20:21:24 DBG constraint system solver done nbConstraints=436848 took=128.910125
20:21:25 DBG prover done acceleration=none backend=groth16 curve=bn254 nbConstraints=436848 took=509.16175
20:21:25 INF Proof generation completed with memory stats circuit_type=nullifier-freshness delta_mb=495 duration_sec=2.224879959 end_heap_mb=1143 start_heap_mb=647 sys_mb=1177
20:21:25 INF Synchronous proof completed successfully circuit_type=nullifier-freshness
20:21:25 INF Processing prove request circuit_queued=false circuit_type=spend-balance force_async=false force_sync=true queue_available=false use_queue=false
20:21:25 INF Loading TransferProofSystem cache_key=spend-balance_16_2 key_path=/Users/tsv/Developer/zolana/zolana-10x-direct/prover/server/proving-keys/spend-balance_16_2.key
20:21:25 INF Proving key verified against lockfile, skipping download file=spend-balance_16_2.key
20:21:25 INF TransferProofSystem loaded and cached successfully cache_key=spend-balance_16_2 circuit_type=spend-balance n_inputs=16 n_outputs=2 requires_p256=false
20:21:25 DBG constraint system solver done nbConstraints=12462 took=4.895292
20:21:25 DBG prover done acceleration=none backend=groth16 curve=bn254 nbConstraints=12462 took=23.322209
20:21:25 INF Proof generation completed with memory stats circuit_type=spend-balance delta_mb=17 duration_sec=0.090370292 end_heap_mb=1161 start_heap_mb=1143 sys_mb=1193
20:21:25 INF Synchronous proof completed successfully circuit_type=spend-balance
20:21:25 INF Processing prove request circuit_queued=false circuit_type=input-certificate force_async=false force_sync=true queue_available=false use_queue=false
20:21:25 INF Processing prove request circuit_queued=false circuit_type=input-certificate force_async=false force_sync=true queue_available=false use_queue=false
20:21:25 INF Processing prove request circuit_queued=false circuit_type=nullifier-freshness force_async=false force_sync=true queue_available=false use_queue=false
20:21:25 INF Processing prove request circuit_queued=false circuit_type=nullifier-freshness force_async=false force_sync=true queue_available=false use_queue=false
20:21:25 DBG Found cached TransferProofSystem key=input-certificate_36_0
20:21:25 DBG Found cached TransferProofSystem key=input-certificate_36_0
20:21:25 DBG Found cached TransferProofSystem key=nullifier-freshness_36_0
20:21:25 DBG Found cached TransferProofSystem key=nullifier-freshness_36_0
20:21:25 DBG constraint system solver done nbConstraints=319334 took=133.008375
20:21:25 DBG constraint system solver done nbConstraints=319334 took=133.065375
20:21:25 DBG constraint system solver done nbConstraints=436848 took=149.758666
20:21:25 DBG constraint system solver done nbConstraints=436848 took=151.090875
20:21:27 DBG prover done acceleration=none backend=groth16 curve=bn254 nbConstraints=436848 took=1679.702667
20:21:27 INF Proof generation completed with memory stats circuit_type=nullifier-freshness delta_mb=1078 duration_sec=1.832708292 end_heap_mb=2241 start_heap_mb=1163 sys_mb=2340
20:21:27 INF Synchronous proof completed successfully circuit_type=nullifier-freshness
20:21:27 DBG prover done acceleration=none backend=groth16 curve=bn254 nbConstraints=319334 took=1789.972875
20:21:27 INF Proof generation completed with memory stats circuit_type=input-certificate delta_mb=0 duration_sec=1.925290667 end_heap_mb=899 start_heap_mb=1162 sys_mb=2340
20:21:27 INF Synchronous proof completed successfully circuit_type=input-certificate
20:21:27 DBG prover done acceleration=none backend=groth16 curve=bn254 nbConstraints=436848 took=1773.891709
20:21:27 INF Proof generation completed with memory stats circuit_type=nullifier-freshness delta_mb=0 duration_sec=1.9275136659999998 end_heap_mb=899 start_heap_mb=1163 sys_mb=2340
20:21:27 INF Synchronous proof completed successfully circuit_type=nullifier-freshness
20:21:27 DBG prover done acceleration=none backend=groth16 curve=bn254 nbConstraints=319334 took=1806.515584
20:21:27 INF Proof generation completed with memory stats circuit_type=input-certificate delta_mb=0 duration_sec=1.941711583 end_heap_mb=899 start_heap_mb=1162 sys_mb=2340
20:21:27 INF Synchronous proof completed successfully circuit_type=input-certificate
20:21:27 INF Processing prove request circuit_queued=false circuit_type=input-certificate force_async=false force_sync=true queue_available=false use_queue=false
20:21:27 INF Processing prove request circuit_queued=false circuit_type=input-certificate force_async=false force_sync=true queue_available=false use_queue=false
20:21:27 INF Processing prove request circuit_queued=false circuit_type=nullifier-freshness force_async=false force_sync=true queue_available=false use_queue=false
20:21:27 INF Processing prove request circuit_queued=false circuit_type=nullifier-freshness force_async=false force_sync=true queue_available=false use_queue=false
20:21:27 DBG Found cached TransferProofSystem key=input-certificate_36_0
20:21:27 DBG Found cached TransferProofSystem key=input-certificate_36_0
20:21:27 DBG Found cached TransferProofSystem key=nullifier-freshness_36_0
20:21:27 DBG Found cached TransferProofSystem key=nullifier-freshness_36_0
20:21:27 DBG constraint system solver done nbConstraints=319334 took=134.347334
20:21:27 DBG constraint system solver done nbConstraints=319334 took=139.281375
20:21:27 DBG constraint system solver done nbConstraints=436848 took=153.627916
20:21:27 DBG constraint system solver done nbConstraints=436848 took=158.365625
20:21:28 DBG prover done acceleration=none backend=groth16 curve=bn254 nbConstraints=319334 took=1286.722208
20:21:28 INF Proof generation completed with memory stats circuit_type=input-certificate delta_mb=1089 duration_sec=1.4233500000000001 end_heap_mb=1990 start_heap_mb=900 sys_mb=2340
20:21:28 INF Synchronous proof completed successfully circuit_type=input-certificate
20:21:28 DBG prover done acceleration=none backend=groth16 curve=bn254 nbConstraints=436848 took=1446.728333
20:21:28 INF Proof generation completed with memory stats circuit_type=nullifier-freshness delta_mb=1160 duration_sec=1.607658125 end_heap_mb=2062 start_heap_mb=901 sys_mb=2340
20:21:28 INF Synchronous proof completed successfully circuit_type=nullifier-freshness
20:21:29 DBG prover done acceleration=none backend=groth16 curve=bn254 nbConstraints=319334 took=1593.658959
20:21:29 INF Proof generation completed with memory stats circuit_type=input-certificate delta_mb=1272 duration_sec=1.735563083 end_heap_mb=2173 start_heap_mb=900 sys_mb=2340
20:21:29 INF Synchronous proof completed successfully circuit_type=input-certificate
20:21:29 DBG prover done acceleration=none backend=groth16 curve=bn254 nbConstraints=436848 took=1791.6145
20:21:29 INF Proof generation completed with memory stats circuit_type=nullifier-freshness delta_mb=0 duration_sec=1.94810325 end_heap_mb=823 start_heap_mb=901 sys_mb=2356
20:21:29 INF Synchronous proof completed successfully circuit_type=nullifier-freshness
20:21:29 INF Processing prove request circuit_queued=false circuit_type=spend-balance force_async=false force_sync=true queue_available=false use_queue=false
20:21:29 DBG Found cached TransferProofSystem key=spend-balance_16_2
20:21:29 DBG constraint system solver done nbConstraints=12462 took=4.945583
20:21:29 DBG prover done acceleration=none backend=groth16 curve=bn254 nbConstraints=12462 took=24.839291
20:21:29 INF Proof generation completed with memory stats circuit_type=spend-balance delta_mb=5 duration_sec=0.030086708 end_heap_mb=829 start_heap_mb=823 sys_mb=2356
20:21:29 INF Synchronous proof completed successfully circuit_type=spend-balance
