    Finished `test` profile [unoptimized + debuginfo] target(s) in 0.49s
     Running tests/direct_spend/localnet.rs (/Users/tsv/Developer/zolana/zolana-direct-spend/target/debug/deps/direct_spend_localnet-553a083954778eab)

running 1 test
Starting local validator
Starting surfpool: /Users/tsv/Developer/zolana/zolana-10x-direct/target/tools/surfpool start --offline --no-tui --no-deploy --no-studio --port 8999 --host 127.0.0.1 --bpf-program regyS5rkAcw2YzDJCmTwCTHs2s246FXxbmuRZ42u2PD /Users/tsv/Developer/zolana/zolana-10x-direct/target/deploy/zolana_user_registry.so --bpf-program SMRTzfY6DfH5ik3TKiyLFfXexV8uSG3d2UksSCYdunG /Users/tsv/Developer/zolana/zolana-10x-direct/target/deploy/squads_smart_account_program.so --upgradeable-program sppU489D7A4U1exNo1oeMGZtLEofq3a6o2fR7UeoWB6 /Users/tsv/Developer/zolana/zolana-10x-direct/target/deploy/shielded_pool_program.so EdMSvMoHfsemd2s7eHCrRnuM1dzPu2CpUrHJN98XYC9y --account-dir /var/folders/2j/bdwsm15103l0k1pp9xm1bmz80000gn/T/zolana-direct-spend-bench-smart-accounts-11045
Writing surfpool logs to test-ledger/surfpool.log
Starting Photon: /Users/tsv/Developer/zolana/zolana-direct-spend/target/debug/photon --rpc-url http://127.0.0.1:8999 --port 8884 --start-slot latest
Writing photon logs to test-ledger/photon.log
Photon indexer is ready at http://127.0.0.1:8884
Local validator environment is ready
Starting prover: /Users/tsv/Developer/zolana/zolana-direct-spend/target/prover-server start --keys-dir /Users/tsv/Developer/zolana/zolana-10x-direct/prover/server/proving-keys/ --prover-address 0.0.0.0:3102 --metrics-address 0.0.0.0:10099 --auto-download=true
Writing prover-server logs to test-ledger/prover-server.log
Prover started successfully
packed transaction: 3818 bytes, 6 addresses
packed spend: 430953 CU (limit 1400000)
packed transaction: 3818 bytes, 6 addresses
packed spend: 428418 CU (limit 1400000)
packed transaction: 1364 bytes, 11 addresses
packed spend: 287741 CU (limit 1400000)

thread 'direct_spend_e2e_benchmark' (3551597) panicked at program-tests/shielded-pool/tests/direct_spend/localnet.rs:612:5:
assertion `left == right` failed
  left: None
 right: Some(144000000000)
note: run with `RUST_BACKTRACE=1` environment variable to display a backtrace
test direct_spend_e2e_benchmark ... FAILED

failures:

failures:
    direct_spend_e2e_benchmark

test result: FAILED. 0 passed; 1 failed; 0 ignored; 0 measured; 0 filtered out; finished in 45.67s

error: test failed, to rerun pass `-p shielded-pool-tests --test direct_spend_localnet`
