   Compiling zolana-test-utils v0.1.0 (/Users/tsv/Developer/zolana/zolana-10x-cache/program-tests/test-utils)
   Compiling spp-test-validator v0.1.0 (/Users/tsv/Developer/zolana/zolana-10x-cache/program-tests/spp-test-validator)
    Finished `test` profile [unoptimized + debuginfo] target(s) in 1.73s
     Running tests/proof_cu.rs (/Users/tsv/Developer/zolana/zolana-pr320-bench/target/debug/deps/proof_cu-107b0294c98c640b)

running 1 test
Starting local validator
Starting surfpool: /Users/tsv/Developer/zolana/zolana-10x-cache/target/tools/surfpool start --offline --no-tui --no-deploy --no-studio --port 9099 --host 127.0.0.1 --bpf-program regyS5rkAcw2YzDJCmTwCTHs2s246FXxbmuRZ42u2PD /Users/tsv/Developer/zolana/zolana-10x-cache/target/deploy/zolana_user_registry.so --bpf-program SMRTzfY6DfH5ik3TKiyLFfXexV8uSG3d2UksSCYdunG /Users/tsv/Developer/zolana/zolana-10x-cache/target/deploy/squads_smart_account_program.so --upgradeable-program sppU489D7A4U1exNo1oeMGZtLEofq3a6o2fR7UeoWB6 /Users/tsv/Developer/zolana/zolana-10x-cache/target/deploy/shielded_pool_program.so EdMSvMoHfsemd2s7eHCrRnuM1dzPu2CpUrHJN98XYC9y --account-dir /var/folders/2j/bdwsm15103l0k1pp9xm1bmz80000gn/T/zolana-spp-smart-accounts-11704
Writing surfpool logs to test-ledger/surfpool.log
Starting Photon: /Users/tsv/Developer/zolana/zolana-10x-cache/target/debug/photon --rpc-url http://127.0.0.1:9099 --port 8984 --start-slot latest
Writing photon logs to test-ledger/photon.log
Photon indexer is ready at http://127.0.0.1:8984
Local validator environment is ready
Starting prover: /Users/tsv/Developer/zolana/zolana-10x-cache/target/prover-server start --keys-dir /Users/tsv/Developer/zolana/zolana-10x-cache/prover/server/proving-keys/ --prover-address 0.0.0.0:3201 --metrics-address 0.0.0.0:10198 --auto-download=true
Writing prover-server logs to test-ledger/prover-server.log
Prover started successfully
test cached_merge_spend_e2e_benchmark has been running for over 60 seconds
cached transaction: 3267 bytes, 46 addresses
cached transaction: 3191 bytes, 46 addresses
cached transaction: 3191 bytes, 46 addresses
cached transaction: 3191 bytes, 46 addresses
cached transaction: 1329 bytes, 9 addresses
cached spend: 300665 CU (limit 1400000)
cached spend: 292776 CU (limit 1400000)
cached spend: 297150 CU (limit 1400000)
cached spend: 293526 CU (limit 1400000)
cached spend: 152380 CU (limit 1400000)
E2E_BENCH variant=cached inputs=144 proofs=5 transactions=5 packed=true total_cu=1336497 setup_ms=76424 warm_keys=true warmup_ms=4890 witness_ms=976 prove_ms=5026 send_ms=2707 confirmed_ms=8709 visible_ms=8721
test cached_merge_spend_e2e_benchmark ... ok

test result: ok. 1 passed; 0 failed; 0 ignored; 0 measured; 2 filtered out; finished in 106.52s

